// Jest Snapshot v1, https://goo.gl/fbAQLP

exports[`#ERROR PAGE COMPONENT ==> Error page should renders without crashing 1`] = `
<div>
  <span>
    Oh No!! We've got a problem!
  </span>
  <a
    href="/"
    onClick={[Function]}
  >
    Restart
  </a>
</div>
`;
