// Jest Snapshot v1, https://goo.gl/fbAQLP

exports[`#APP COMPONENT ==> App should renders without crashing 1`] = `
<div
  className="main"
>
  <div
    className="start"
  >
    <img
      alt="logo"
      className="start__logo"
      src="star-wars-logo.png"
    />
    <a
      className="start__play"
      href="/game"
      onClick={[Function]}
    >
      START
    </a>
  </div>
</div>
`;
