// Jest Snapshot v1, https://goo.gl/fbAQLP

exports[`#LAODING COMPONENT ==> Loading should renders without crashing  1`] = `
<div
  className="container"
>
  <img
    alt="Loading..."
    className="container__loader"
    src="loader.png"
  />
  Loading...
</div>
`;
